scenario=atomic-commit-buggy
steps=4
nodes=12
leaves=4
safe_leaves=2
max_width=4
input_mode=configured-choices
invariants=1
violations=2
result=UNSAFE
counterexample invariant=atomic_decision node=7
  w0 assertions=[begin(tx1)] facts=[begin(tx1),participant(p1),participant(p2)]
  w1 assertions=[vote_yes(tx1,p1),vote_no(tx1,p2)] facts=[participant(p1),participant(p2),vote_no(tx1,p2),vote_yes(tx1,p1),voting(tx1)]
  w2 assertions=[] facts=[aborted(tx1),committed(tx1),decision(tx1,abort),decision(tx1,commit),participant(p1),participant(p2),violation(atomic_decision,tx1)]
